Archive member included to satisfy reference by file (symbol)

/Applications/STM32CubeIDE.app/Contents/Eclipse/plugins/com.st.stm32cube.ide.mcu.externaltools.gnu-tools-for-stm32.13.3.rel1.macos64_1.0.0.202411102158/tools/bin/../lib/gcc/arm-none-eabi/13.3.1/../../../../arm-none-eabi/lib/thumb/v7e-m+fp/hard/libc_nano.a(libc_a-exit.o)
                              /Applications/STM32CubeIDE.app/Contents/Eclipse/plugins/com.st.stm32cube.ide.mcu.externaltools.gnu-tools-for-stm32.13.3.rel1.macos64_1.0.0.202411102158/tools/bin/../lib/gcc/arm-none-eabi/13.3.1/../../../../arm-none-eabi/lib/thumb/v7e-m+fp/hard/crt0.o (exit)
/Applications/STM32CubeIDE.app/Contents/Eclipse/plugins/com.st.stm32cube.ide.mcu.externaltools.gnu-tools-for-stm32.13.3.rel1.macos64_1.0.0.202411102158/tools/bin/../lib/gcc/arm-none-eabi/13.3.1/../../../../arm-none-eabi/lib/thumb/v7e-m+fp/hard/libc_nano.a(libc_a-findfp.o)
                              /Applications/STM32CubeIDE.app/Contents/Eclipse/plugins/com.st.stm32cube.ide.mcu.externaltools.gnu-tools-for-stm32.13.3.rel1.macos64_1.0.0.202411102158/tools/bin/../lib/gcc/arm-none-eabi/13.3.1/../../../../arm-none-eabi/lib/thumb/v7e-m+fp/hard/libc_nano.a(libc_a-exit.o) (__stdio_exit_handler)
/Applications/STM32CubeIDE.app/Contents/Eclipse/plugins/com.st.stm32cube.ide.mcu.externaltools.gnu-tools-for-stm32.13.3.rel1.macos64_1.0.0.202411102158/tools/bin/../lib/gcc/arm-none-eabi/13.3.1/../../../../arm-none-eabi/lib/thumb/v7e-m+fp/hard/libc_nano.a(libc_a-fwalk.o)
                              /Applications/STM32CubeIDE.app/Contents/Eclipse/plugins/com.st.stm32cube.ide.mcu.externaltools.gnu-tools-for-stm32.13.3.rel1.macos64_1.0.0.202411102158/tools/bin/../lib/gcc/arm-none-eabi/13.3.1/../../../../arm-none-eabi/lib/thumb/v7e-m+fp/hard/libc_nano.a(libc_a-findfp.o) (_fwalk_sglue)
/Applications/STM32CubeIDE.app/Contents/Eclipse/plugins/com.st.stm32cube.ide.mcu.externaltools.gnu-tools-for-stm32.13.3.rel1.macos64_1.0.0.202411102158/tools/bin/../lib/gcc/arm-none-eabi/13.3.1/../../../../arm-none-eabi/lib/thumb/v7e-m+fp/hard/libc_nano.a(libc_a-memset.o)
                              /Applications/STM32CubeIDE.app/Contents/Eclipse/plugins/com.st.stm32cube.ide.mcu.externaltools.gnu-tools-for-stm32.13.3.rel1.macos64_1.0.0.202411102158/tools/bin/../lib/gcc/arm-none-eabi/13.3.1/../../../../arm-none-eabi/lib/thumb/v7e-m+fp/hard/crt0.o (memset)
/Applications/STM32CubeIDE.app/Contents/Eclipse/plugins/com.st.stm32cube.ide.mcu.externaltools.gnu-tools-for-stm32.13.3.rel1.macos64_1.0.0.202411102158/tools/bin/../lib/gcc/arm-none-eabi/13.3.1/../../../../arm-none-eabi/lib/thumb/v7e-m+fp/hard/libc_nano.a(libc_a-strstr.o)
                              ./Core/Src/uart_command_library.o (strstr)
/Applications/STM32CubeIDE.app/Contents/Eclipse/plugins/com.st.stm32cube.ide.mcu.externaltools.gnu-tools-for-stm32.13.3.rel1.macos64_1.0.0.202411102158/tools/bin/../lib/gcc/arm-none-eabi/13.3.1/../../../../arm-none-eabi/lib/thumb/v7e-m+fp/hard/libc_nano.a(libc_a-errno.o)
                              ./Core/Src/syscalls.o (__errno)
/Applications/STM32CubeIDE.app/Contents/Eclipse/plugins/com.st.stm32cube.ide.mcu.externaltools.gnu-tools-for-stm32.13.3.rel1.macos64_1.0.0.202411102158/tools/bin/../lib/gcc/arm-none-eabi/13.3.1/../../../../arm-none-eabi/lib/thumb/v7e-m+fp/hard/libc_nano.a(libc_a-init.o)
                              /Applications/STM32CubeIDE.app/Contents/Eclipse/plugins/com.st.stm32cube.ide.mcu.externaltools.gnu-tools-for-stm32.13.3.rel1.macos64_1.0.0.202411102158/tools/bin/../lib/gcc/arm-none-eabi/13.3.1/../../../../arm-none-eabi/lib/thumb/v7e-m+fp/hard/crt0.o (__libc_init_array)
/Applications/STM32CubeIDE.app/Contents/Eclipse/plugins/com.st.stm32cube.ide.mcu.externaltools.gnu-tools-for-stm32.13.3.rel1.macos64_1.0.0.202411102158/tools/bin/../lib/gcc/arm-none-eabi/13.3.1/../../../../arm-none-eabi/lib/thumb/v7e-m+fp/hard/libc_nano.a(libc_a-lock.o)
                              /Applications/STM32CubeIDE.app/Contents/Eclipse/plugins/com.st.stm32cube.ide.mcu.externaltools.gnu-tools-for-stm32.13.3.rel1.macos64_1.0.0.202411102158/tools/bin/../lib/gcc/arm-none-eabi/13.3.1/../../../../arm-none-eabi/lib/thumb/v7e-m+fp/hard/libc_nano.a(libc_a-findfp.o) (__retarget_lock_init_recursive)
/Applications/STM32CubeIDE.app/Contents/Eclipse/plugins/com.st.stm32cube.ide.mcu.externaltools.gnu-tools-for-stm32.13.3.rel1.macos64_1.0.0.202411102158/tools/bin/../lib/gcc/arm-none-eabi/13.3.1/../../../../arm-none-eabi/lib/thumb/v7e-m+fp/hard/libc_nano.a(libc_a-impure.o)
                              /Applications/STM32CubeIDE.app/Contents/Eclipse/plugins/com.st.stm32cube.ide.mcu.externaltools.gnu-tools-for-stm32.13.3.rel1.macos64_1.0.0.202411102158/tools/bin/../lib/gcc/arm-none-eabi/13.3.1/../../../../arm-none-eabi/lib/thumb/v7e-m+fp/hard/libc_nano.a(libc_a-errno.o) (_impure_ptr)
[...]
Memory Configuration

Name             Origin             Length             Attributes
CCMRAM           0x10000000         0x00010000         xrw
RAM              0x20000000         0x00020000         xrw
FLASH            0x08000000         0x00100000         xr
*default*        0x00000000         0xffffffff

Linker script and memory map

LOAD /Applications/STM32CubeIDE.app/Contents/Eclipse/plugins/com.st.stm32cube.ide.mcu.externaltools.gnu-tools-for-stm32.13.3.rel1.macos64_1.0.0.202411102158/tools/bin/../lib/gcc/arm-none-eabi/13.3.1/thumb/v7e-m+fp/hard/crti.o
LOAD /Applications/STM32CubeIDE.app/Contents/Eclipse/plugins/com.st.stm32cube.ide.mcu.externaltools.gnu-tools-for-stm32.13.3.rel1.macos64_1.0.0.202411102158/tools/bin/../lib/gcc/arm-none-eabi/13.3.1/thumb/v7e-m+fp/hard/crtbegin.o
LOAD /Applications/STM32CubeIDE.app/Contents/Eclipse/plugins/com.st.stm32cube.ide.mcu.externaltools.gnu-tools-for-stm32.13.3.rel1.macos64_1.0.0.202411102158/tools/bin/../lib/gcc/arm-none-eabi/13.3.1/../../../../arm-none-eabi/lib/thumb/v7e-m+fp/hard/crt0.o
LOAD ./Core/Src/led_manager.o
LOAD ./Core/Src/main.o
LOAD ./Core/Src/push_botton.o
LOAD ./Core/Src/stm32f4xx_hal_msp.o
LOAD ./Core/Src/stm32f4xx_it.o
LOAD ./Core/Src/syscalls.o
LOAD ./Core/Src/sysmem.o
LOAD ./Core/Src/system_stm32f4xx.o
LOAD ./Core/Src/uart_command_library.o
LOAD ./Core/Startup/startup_stm32f407vgtx.o
LOAD ./Drivers/STM32F4xx_HAL_Driver/Src/stm32f4xx_hal.o
LOAD ./Drivers/STM32F4xx_HAL_Driver/Src/stm32f4xx_hal_cortex.o
LOAD ./Drivers/STM32F4xx_HAL_Driver/Src/stm32f4xx_hal_dma.o
LOAD ./Drivers/STM32F4xx_HAL_Driver/Src/stm32f4xx_hal_dma_ex.o
LOAD ./Drivers/STM32F4xx_HAL_Driver/Src/stm32f4xx_hal_exti.o
LOAD ./Drivers/STM32F4xx_HAL_Driver/Src/stm32f4xx_hal_flash.o
LOAD ./Drivers/STM32F4xx_HAL_Driver/Src/stm32f4xx_hal_flash_ex.o
LOAD ./Drivers/STM32F4xx_HAL_Driver/Src/stm32f4xx_hal_flash_ramfunc.o
LOAD ./Drivers/STM32F4xx_HAL_Driver/Src/stm32f4xx_hal_gpio.o
LOAD ./Drivers/STM32F4xx_HAL_Driver/Src/stm32f4xx_hal_pwr.o
LOAD ./Drivers/STM32F4xx_HAL_Driver/Src/stm32f4xx_hal_pwr_ex.o
LOAD ./Drivers/STM32F4xx_HAL_Driver/Src/stm32f4xx_hal_rcc.o
LOAD ./Drivers/STM32F4xx_HAL_Driver/Src/stm32f4xx_hal_rcc_ex.o
LOAD ./Drivers/STM32F4xx_HAL_Driver/Src/stm32f4xx_hal_uart.o
START GROUP
LOAD /Applications/STM32CubeIDE.app/Contents/Eclipse/plugins/com.st.stm32cube.ide.mcu.externaltools.gnu-tools-for-stm32.13.3.rel1.macos64_1.0.0.202411102158/tools/bin/../lib/gcc/arm-none-eabi/13.3.1/../../../../arm-none-eabi/lib/thumb/v7e-m+fp/hard/libc_nano.a
LOAD /Applications/STM32CubeIDE.app/Contents/Eclipse/plugins/com.st.stm32cube.ide.mcu.externaltools.gnu-tools-for-stm32.13.3.rel1.macos64_1.0.0.202411102158/tools/bin/../lib/gcc/arm-none-eabi/13.3.1/../../../../arm-none-eabi/lib/thumb/v7e-m+fp/hard/libm.a
END GROUP
START GROUP
LOAD /Applications/STM32CubeIDE.app/Contents/Eclipse/plugins/com.st.stm32cube.ide.mcu.externaltools.gnu-tools-for-stm32.13.3.rel1.macos64_1.0.0.202411102158/tools/bin/../lib/gcc/arm-none-eabi/13.3.1/thumb/v7e-m+fp/hard/libgcc.a
LOAD /Applications/STM32CubeIDE.app/Contents/Eclipse/plugins/com.st.stm32cube.ide.mcu.externaltools.gnu-tools-for-stm32.13.3.rel1.macos64_1.0.0.202411102158/tools/bin/../lib/gcc/arm-none-eabi/13.3.1/../../../../arm-none-eabi/lib/thumb/v7e-m+fp/hard/libc_nano.a
END GROUP
START GROUP
LOAD /Applications/STM32CubeIDE.app/Contents/Eclipse/plugins/com.st.stm32cube.ide.mcu.externaltools.gnu-tools-for-stm32.13.3.rel1.macos64_1.0.0.202411102158/tools/bin/../lib/gcc/arm-none-eabi/13.3.1/thumb/v7e-m+fp/hard/libgcc.a
LOAD /Applications/STM32CubeIDE.app/Contents/Eclipse/plugins/com.st.stm32cube.ide.mcu.externaltools.gnu-tools-for-stm32.13.3.rel1.macos64_1.0.0.202411102158/tools/bin/../lib/gcc/arm-none-eabi/13.3.1/../../../../arm-none-eabi/lib/thumb/v7e-m+fp/hard/libc_nano.a
LOAD /Applications/STM32CubeIDE.app/Contents/Eclipse/plugins/com.st.stm32cube.ide.mcu.externaltools.gnu-tools-for-stm32.13.3.rel1.macos64_1.0.0.202411102158/tools/bin/../lib/gcc/arm-none-eabi/13.3.1/../../../../arm-none-eabi/lib/thumb/v7e-m+fp/hard/libnosys.a
END GROUP
START GROUP
LOAD /Applications/STM32CubeIDE.app/Contents/Eclipse/plugins/com.st.stm32cube.ide.mcu.externaltools.gnu-tools-for-stm32.13.3.rel1.macos64_1.0.0.202411102158/tools/bin/../lib/gcc/arm-none-eabi/13.3.1/thumb/v7e-m+fp/hard/libgcc.a
LOAD /Applications/STM32CubeIDE.app/Contents/Eclipse/plugins/com.st.stm32cube.ide.mcu.externaltools.gnu-tools-for-stm32.13.3.rel1.macos64_1.0.0.202411102158/tools/bin/../lib/gcc/arm-none-eabi/13.3.1/../../../../arm-none-eabi/lib/thumb/v7e-m+fp/hard/libc_nano.a
LOAD /Applications/STM32CubeIDE.app/Contents/Eclipse/plugins/com.st.stm32cube.ide.mcu.externaltools.gnu-tools-for-stm32.13.3.rel1.macos64_1.0.0.202411102158/tools/bin/../lib/gcc/arm-none-eabi/13.3.1/../../../../arm-none-eabi/lib/thumb/v7e-m+fp/hard/libnosys.a
END GROUP
LOAD /Applications/STM32CubeIDE.app/Contents/Eclipse/plugins/com.st.stm32cube.ide.mcu.externaltools.gnu-tools-for-stm32.13.3.rel1.macos64_1.0.0.202411102158/tools/bin/../lib/gcc/arm-none-eabi/13.3.1/thumb/v7e-m+fp/hard/crtend.o
LOAD /Applications/STM32CubeIDE.app/Contents/Eclipse/plugins/com.st.stm32cube.ide.mcu.externaltools.gnu-tools-for-stm32.13.3.rel1.macos64_1.0.0.202411102158/tools/bin/../lib/gcc/arm-none-eabi/13.3.1/thumb/v7e-m+fp/hard/crtn.o
                0x20020000                        _estack = (ORIGIN (RAM) + LENGTH (RAM))
                0x00000200                        _Min_Heap_Size = 0x200
                0x00000400                        _Min_Stack_Size = 0x400

.isr_vector     0x08000000      0x188
                0x08000000                        . = ALIGN (0x4)
 *(.isr_vector)
 .isr_vector    0x08000000      0x188 ./Core/Startup/startup_stm32f407vgtx.o
                0x08000000                g_pfnVectors
                0x08000188                        . = ALIGN (0x4)

.text           0x08000188     0x29c4
                0x08000188                        . = ALIGN (0x4)
 *(.text)
 .text          0x08000188       0x40 /Applications/STM32CubeIDE.app/Contents/Eclipse/plugins/com.st.stm32cube.ide.mcu.externaltools.gnu-tools-for-stm32.13.3.rel1.macos64_1.0.0.202411102158/tools/bin/../lib/gcc/arm-none-eabi/13.3.1/thumb/v7e-m+fp/hard/crtbegin.o
 .text          0x080001c8       0x30 /Applications/STM32CubeIDE.app/Contents/Eclipse/plugins/com.st.stm32cube.ide.mcu.externaltools.gnu-tools-for-stm32.13.3.rel1.macos64_1.0.0.202411102158/tools/bin/../lib/gcc/arm-none-eabi/13.3.1/thumb/v7e-m+fp/hard/libgcc.a(_aeabi_uldivmod.o)
                0x080001c8                __aeabi_uldivmod
 .text          0x080001f8      0x2f8 /Applications/STM32CubeIDE.app/Contents/Eclipse/plugins/com.st.stm32cube.ide.mcu.externaltools.gnu-tools-for-stm32.13.3.rel1.macos64_1.0.0.202411102158/tools/bin/../lib/gcc/arm-none-eabi/13.3.1/thumb/v7e-m+fp/hard/libgcc.a(_udivmoddi4.o)
                0x080001f8                __udivmoddi4
 .text          0x080004f0        0x4 /Applications/STM32CubeIDE.app/Contents/Eclipse/plugins/com.st.stm32cube.ide.mcu.externaltools.gnu-tools-for-stm32.13.3.rel1.macos64_1.0.0.202411102158/tools/bin/../lib/gcc/arm-none-eabi/13.3.1/thumb/v7e-m+fp/hard/libgcc.a(_dvmd_tls.o)
                0x080004f0                __aeabi_ldiv0
                0x080004f0                __aeabi_idiv0
 *(.text*)
 .text.led_manager_with_push_botton
                0x080004f4        0xe ./Core/Src/led_manager.o
                0x080004f4                led_manager_with_push_botton
 *fill*         0x08000502        0x2 
 .text.__NVIC_EnableIRQ
                0x08000504       0x3c ./Core/Src/main.o
 .text.main     0x08000540       0x24 ./Core/Src/main.o
                0x08000540                main
 .text.SystemClock_Config
                0x08000564       0xbc ./Core/Src/main.o
                0x08000564                SystemClock_Config
 .text.MX_USART1_UART_Init
                0x08000620       0x78 ./Core/Src/main.o
 .text.MX_USART2_UART_Init
                0x08000698       0x54 ./Core/Src/main.o
 .text.MX_GPIO_Init
                0x080006ec       0xc0 ./Core/Src/main.o
 .text.Error_Handler
                0x080007ac        0xc ./Core/Src/main.o
                0x080007ac                Error_Handler
 .text.HAL_MspInit
                0x080007b8       0x50 ./Core/Src/stm32f4xx_hal_msp.o
                0x080007b8                HAL_MspInit
 .text.HAL_UART_MspInit
                0x08000808      0x118 ./Core/Src/stm32f4xx_hal_msp.o
                0x08000808                HAL_UART_MspInit
 .text.NMI_Handler
                0x08000920        0x8 ./Core/Src/stm32f4xx_it.o
                0x08000920                NMI_Handler
 .text.HardFault_Handler
                0x08000928        0x8 ./Core/Src/stm32f4xx_it.o
                0x08000928                HardFault_Handler
 .text.MemManage_Handler
                0x08000930        0x8 ./Core/Src/stm32f4xx_it.o
                0x08000930                MemManage_Handler
 .text.BusFault_Handler
                0x08000938        0x8 ./Core/Src/stm32f4xx_it.o
                0x08000938                BusFault_Handler
 .text.UsageFault_Handler
                0x08000940        0x8 ./Core/Src/stm32f4xx_it.o
                0x08000940                UsageFault_Handler
 .text.SVC_Handler
                0x08000948        0xe ./Core/Src/stm32f4xx_it.o
                0x08000948                SVC_Handler
 .text.DebugMon_Handler
                0x08000956        0xe ./Core/Src/stm32f4xx_it.o
                0x08000956                DebugMon_Handler
 .text.PendSV_Handler
                0x08000964        0xe ./Core/Src/stm32f4xx_it.o
                0x08000964                PendSV_Handler
 .text.SysTick_Handler
                0x08000972        0xc ./Core/Src/stm32f4xx_it.o
                0x08000972                SysTick_Handler
 *fill*         0x0800097e        0x2 
 .text.USART1_IRQHandler
                0x08000980       0x14 ./Core/Src/stm32f4xx_it.o
                0x08000980                USART1_IRQHandler
 .text.USART2_IRQHandler
                0x08000994       0x14 ./Core/Src/stm32f4xx_it.o
                0x08000994                USART2_IRQHandler
 .text.SystemInit
                0x080009a8       0x24 ./Core/Src/system_stm32f4xx.o
                0x080009a8                SystemInit
 .text.green_led_command
                0x080009cc       0x24 ./Core/Src/uart_command_library.o
 .text.HAL_UART_RxCpltCallback
                0x080009f0       0x54 ./Core/Src/uart_command_library.o
                0x080009f0                HAL_UART_RxCpltCallback
 .text.received_data_init
                0x08000a44       0x38 ./Core/Src/uart_command_library.o
                0x08000a44                received_data_init
 .text.received_data_parser
                0x08000a7c       0xb0 ./Core/Src/uart_command_library.o
                0x08000a7c                received_data_parser
 .text.Reset_Handler
                0x08000b2c       0x50 ./Core/Startup/startup_stm32f407vgtx.o
                0x08000b2c                Reset_Handler
 .text.Default_Handler
                0x08000b7c        0x2 ./Core/Startup/startup_stm32f407vgtx.o
                0x08000b7c                DMA1_Stream3_IRQHandler
                0x08000b7c                HASH_RNG_IRQHandler
                0x08000b7c                EXTI2_IRQHandler
                0x08000b7c                TIM8_CC_IRQHandler
                0x08000b7c                TIM1_CC_IRQHandler
                0x08000b7c                DMA2_Stream5_IRQHandler
                0x08000b7c                DMA1_Stream5_IRQHandler
                0x08000b7c                PVD_IRQHandler
                0x08000b7c                SDIO_IRQHandler
                0x08000b7c                TAMP_STAMP_IRQHandler
                0x08000b7c                CAN2_RX1_IRQHandler
                0x08000b7c                EXTI3_IRQHandler
                0x08000b7c                TIM8_TRG_COM_TIM14_IRQHandler
                0x08000b7c                TIM1_UP_TIM10_IRQHandler
                0x08000b7c                TIM8_UP_TIM13_IRQHandler
                0x08000b7c                I2C3_ER_IRQHandler
                0x08000b7c                EXTI0_IRQHandler
                0x08000b7c                I2C2_EV_IRQHandler
                0x08000b7c                DMA1_Stream2_IRQHandler
                0x08000b7c                CAN1_RX0_IRQHandler
                0x08000b7c                FPU_IRQHandler
                0x08000b7c                OTG_HS_WKUP_IRQHandler
                0x08000b7c                CAN2_SCE_IRQHandler
                0x08000b7c                DMA2_Stream2_IRQHandler
                0x08000b7c                SPI1_IRQHandler
                0x08000b7c                TIM6_DAC_IRQHandler
                0x08000b7c                TIM1_BRK_TIM9_IRQHandler
                0x08000b7c                DCMI_IRQHandler
                0x08000b7c                CAN2_RX0_IRQHandler
                0x08000b7c                DMA2_Stream3_IRQHandler
                0x08000b7c                USART6_IRQHandler
                0x08000b7c                USART3_IRQHandler
                0x08000b7c                CAN1_RX1_IRQHandler
                0x08000b7c                UART5_IRQHandler
                0x08000b7c                DMA2_Stream0_IRQHandler
                0x08000b7c                TIM4_IRQHandler
                0x08000b7c                I2C1_EV_IRQHandler
                0x08000b7c                DMA1_Stream6_IRQHandler
                0x08000b7c                DMA1_Stream1_IRQHandler
                0x08000b7c                UART4_IRQHandler
                0x08000b7c                TIM3_IRQHandler
                0x08000b7c                RCC_IRQHandler
                0x08000b7c                TIM8_BRK_TIM12_IRQHandler
                0x08000b7c                Default_Handler
                0x08000b7c                EXTI15_10_IRQHandler
                0x08000b7c                ADC_IRQHandler
                0x08000b7c                DMA1_Stream7_IRQHandler
                0x08000b7c                TIM7_IRQHandler
                0x08000b7c                CAN2_TX_IRQHandler
                0x08000b7c                TIM5_IRQHandler
                0x08000b7c                DMA2_Stream7_IRQHandler
                0x08000b7c                I2C3_EV_IRQHandler
                0x08000b7c                EXTI9_5_IRQHandler
                0x08000b7c                RTC_WKUP_IRQHandler
                0x08000b7c                ETH_WKUP_IRQHandler
                0x08000b7c                SPI2_IRQHandler
                0x08000b7c                OTG_HS_EP1_IN_IRQHandler
                0x08000b7c                DMA1_Stream0_IRQHandler
                0x08000b7c                CAN1_TX_IRQHandler
                0x08000b7c                EXTI4_IRQHandler
                0x08000b7c                FSMC_IRQHandler
                0x08000b7c                ETH_IRQHandler
                0x08000b7c                OTG_HS_EP1_OUT_IRQHandler
                0x08000b7c                WWDG_IRQHandler
                0x08000b7c                TIM2_IRQHandler
                0x08000b7c                OTG_FS_WKUP_IRQHandler
                0x08000b7c                TIM1_TRG_COM_TIM11_IRQHandler
                0x08000b7c                OTG_HS_IRQHandler
                0x08000b7c                EXTI1_IRQHandler
                0x08000b7c                I2C2_ER_IRQHandler
                0x08000b7c                DMA2_Stream1_IRQHandler
                0x08000b7c                CAN1_SCE_IRQHandler
                0x08000b7c                FLASH_IRQHandler
                0x08000b7c                DMA2_Stream4_IRQHandler
                0x08000b7c                OTG_FS_IRQHandler
                0x08000b7c                SPI3_IRQHandler
                0x08000b7c                DMA1_Stream4_IRQHandler
                0x08000b7c                I2C1_ER_IRQHandler
                0x08000b7c                DMA2_Stream6_IRQHandler
                0x08000b7c                RTC_Alarm_IRQHandler
 *fill*         0x08000b7e        0x2 
 .text.HAL_Init
                0x08000b80       0x44 ./Drivers/STM32F4xx_HAL_Driver/Src/stm32f4xx_hal.o
                0x08000b80                HAL_Init
 .text.HAL_InitTick
                0x08000bc4       0x60 ./Drivers/STM32F4xx_HAL_Driver/Src/stm32f4xx_hal.o
                0x08000bc4                HAL_InitTick
 .text.HAL_IncTick
                0x08000c24       0x28 ./Drivers/STM32F4xx_HAL_Driver/Src/stm32f4xx_hal.o
                0x08000c24                HAL_IncTick
 .text.HAL_GetTick
                0x08000c4c       0x18 ./Drivers/STM32F4xx_HAL_Driver/Src/stm32f4xx_hal.o
                0x08000c4c                HAL_GetTick
 .text.__NVIC_SetPriorityGrouping
                0x08000c64       0x48 ./Drivers/STM32F4xx_HAL_Driver/Src/stm32f4xx_hal_cortex.o
 .text.__NVIC_GetPriorityGrouping
                0x08000cac       0x1c ./Drivers/STM32F4xx_HAL_Driver/Src/stm32f4xx_hal_cortex.o
 .text.__NVIC_EnableIRQ
                0x08000cc8       0x3c ./Drivers/STM32F4xx_HAL_Driver/Src/stm32f4xx_hal_cortex.o
 .text.__NVIC_SetPriority
                0x08000d04       0x54 ./Drivers/STM32F4xx_HAL_Driver/Src/stm32f4xx_hal_cortex.o
 .text.NVIC_EncodePriority
                0x08000d58       0x66 ./Drivers/STM32F4xx_HAL_Driver/Src/stm32f4xx_hal_cortex.o
 *fill*         0x08000dbe        0x2 
 .text.SysTick_Config
                0x08000dc0       0x44 ./Drivers/STM32F4xx_HAL_Driver/Src/stm32f4xx_hal_cortex.o
 .text.HAL_NVIC_SetPriorityGrouping
                0x08000e04       0x16 ./Drivers/STM32F4xx_HAL_Driver/Src/stm32f4xx_hal_cortex.o
                0x08000e04                HAL_NVIC_SetPriorityGrouping
 .text.HAL_NVIC_SetPriority
                0x08000e1a       0x38 ./Drivers/STM32F4xx_HAL_Driver/Src/stm32f4xx_hal_cortex.o
                0x08000e1a                HAL_NVIC_SetPriority
 .text.HAL_NVIC_EnableIRQ
                0x08000e52       0x1c ./Drivers/STM32F4xx_HAL_Driver/Src/stm32f4xx_hal_cortex.o
                0x08000e52                HAL_NVIC_EnableIRQ
 .text.HAL_SYSTICK_Config
                0x08000e6e       0x18 ./Drivers/STM32F4xx_HAL_Driver/Src/stm32f4xx_hal_cortex.o
                0x08000e6e                HAL_SYSTICK_Config
 .text.HAL_DMA_Abort
                0x08000e86       0xe0 ./Drivers/STM32F4xx_HAL_Driver/Src/stm32f4xx_hal_dma.o
                0x08000e86                HAL_DMA_Abort
 .text.HAL_DMA_Abort_IT
                0x08000f66       0x44 ./Drivers/STM32F4xx_HAL_Driver/Src/stm32f4xx_hal_dma.o
                0x08000f66                HAL_DMA_Abort_IT
 *fill*         0x08000faa        0x2 
 .text.HAL_GPIO_Init
                0x08000fac      0x338 ./Drivers/STM32F4xx_HAL_Driver/Src/stm32f4xx_hal_gpio.o
                0x08000fac                HAL_GPIO_Init
 .text.HAL_GPIO_WritePin
                0x080012e4       0x32 ./Drivers/STM32F4xx_HAL_Driver/Src/stm32f4xx_hal_gpio.o
                0x080012e4                HAL_GPIO_WritePin
 *fill*         0x08001316        0x2 
 .text.HAL_RCC_OscConfig
                0x08001318      0x4f0 ./Drivers/STM32F4xx_HAL_Driver/Src/stm32f4xx_hal_rcc.o
                0x08001318                HAL_RCC_OscConfig
 .text.HAL_RCC_ClockConfig
                0x08001808      0x1cc ./Drivers/STM32F4xx_HAL_Driver/Src/stm32f4xx_hal_rcc.o
                0x08001808                HAL_RCC_ClockConfig
 .text.HAL_RCC_GetSysClockFreq
                0x080019d4      0x18c ./Drivers/STM32F4xx_HAL_Driver/Src/stm32f4xx_hal_rcc.o
                0x080019d4                HAL_RCC_GetSysClockFreq
 .text.HAL_RCC_GetHCLKFreq
                0x08001b60       0x18 ./Drivers/STM32F4xx_HAL_Driver/Src/stm32f4xx_hal_rcc.o
                0x08001b60                HAL_RCC_GetHCLKFreq
 .text.HAL_RCC_GetPCLK1Freq
                0x08001b78       0x28 ./Drivers/STM32F4xx_HAL_Driver/Src/stm32f4xx_hal_rcc.o
                0x08001b78                HAL_RCC_GetPCLK1Freq
 .text.HAL_RCC_GetPCLK2Freq
                0x08001ba0       0x28 ./Drivers/STM32F4xx_HAL_Driver/Src/stm32f4xx_hal_rcc.o
                0x08001ba0                HAL_RCC_GetPCLK2Freq
 .text.HAL_UART_Init
                0x08001bc8       0xa0 ./Drivers/STM32F4xx_HAL_Driver/Src/stm32f4xx_hal_uart.o
                0x08001bc8                HAL_UART_Init
 .text.HAL_UART_Receive_IT
                0x08001c68       0x4a ./Drivers/STM32F4xx_HAL_Driver/Src/stm32f4xx_hal_uart.o
                0x08001c68                HAL_UART_Receive_IT
 *fill*         0x08001cb2        0x2 
 .text.HAL_UART_IRQHandler
                0x08001cb4      0x524 ./Drivers/STM32F4xx_HAL_Driver/Src/stm32f4xx_hal_uart.o
                0x08001cb4                HAL_UART_IRQHandler
 .text.HAL_UART_TxCpltCallback
                0x080021d8       0x14 ./Drivers/STM32F4xx_HAL_Driver/Src/stm32f4xx_hal_uart.o
                0x080021d8                HAL_UART_TxCpltCallback
 .text.HAL_UART_ErrorCallback
                0x080021ec       0x14 ./Drivers/STM32F4xx_HAL_Driver/Src/stm32f4xx_hal_uart.o
                0x080021ec                HAL_UART_ErrorCallback
 .text.HAL_UARTEx_RxEventCallback
                0x08002200       0x18 ./Drivers/STM32F4xx_HAL_Driver/Src/stm32f4xx_hal_uart.o
                0x08002200                HAL_UARTEx_RxEventCallback
 .text.UART_Start_Receive_IT
                0x08002218       0x74 ./Drivers/STM32F4xx_HAL_Driver/Src/stm32f4xx_hal_uart.o
                0x08002218                UART_Start_Receive_IT
 .text.UART_EndRxTransfer
                0x0800228c       0xc6 ./Drivers/STM32F4xx_HAL_Driver/Src/stm32f4xx_hal_uart.o
 .text.UART_DMAAbortOnError
                0x08002352       0x28 ./Drivers/STM32F4xx_HAL_Driver/Src/stm32f4xx_hal_uart.o
 .text.UART_Transmit_IT
                0x0800237a       0xa0 ./Drivers/STM32F4xx_HAL_Driver/Src/stm32f4xx_hal_uart.o
 .text.UART_EndTransmit_IT
                0x0800241a       0x30 ./Drivers/STM32F4xx_HAL_Driver/Src/stm32f4xx_hal_uart.o
 .text.UART_Receive_IT
                0x0800244a      0x17c ./Drivers/STM32F4xx_HAL_Driver/Src/stm32f4xx_hal_uart.o
 *fill*         0x080025c6        0x2 
 .text.UART_SetConfig
                0x080025c8      0x4e8 ./Drivers/STM32F4xx_HAL_Driver/Src/stm32f4xx_hal_uart.o
 .text.memset   0x08002ab0       0x10 /Applications/STM32CubeIDE.app/Contents/Eclipse/plugins/com.st.stm32cube.ide.mcu.externaltools.gnu-tools-for-stm32.13.3.rel1.macos64_1.0.0.202411102158/tools/bin/../lib/gcc/arm-none-eabi/13.3.1/../../../../arm-none-eabi/lib/thumb/v7e-m+fp/hard/libc_nano.a(libc_a-memset.o)
                0x08002ab0                memset
 .text.strstr   0x08002ac0       0x2c /Applications/STM32CubeIDE.app/Contents/Eclipse/plugins/com.st.stm32cube.ide.mcu.externaltools.gnu-tools-for-stm32.13.3.rel1.macos64_1.0.0.202411102158/tools/bin/../lib/gcc/arm-none-eabi/13.3.1/../../../../arm-none-eabi/lib/thumb/v7e-m+fp/hard/libc_nano.a(libc_a-strstr.o)
                0x08002ac0                strstr
 .text.__libc_init_array
                0x08002aec       0x48 /Applications/STM32CubeIDE.app/Contents/Eclipse/plugins/com.st.stm32cube.ide.mcu.externaltools.gnu-tools-for-stm32.13.3.rel1.macos64_1.0.0.202411102158/tools/bin/../lib/gcc/arm-none-eabi/13.3.1/../../../../arm-none-eabi/lib/thumb/v7e-m+fp/hard/libc_nano.a(libc_a-init.o)
                0x08002aec                __libc_init_array
 *(.glue_7)
 .glue_7        0x08002b34        0x0 linker stubs
 *(.glue_7t)
 .glue_7t       0x08002b34        0x0 linker stubs
 *(.eh_frame)
 .eh_frame      0x08002b34        0x0 /Applications/STM32CubeIDE.app/Contents/Eclipse/plugins/com.st.stm32cube.ide.mcu.externaltools.gnu-tools-for-stm32.13.3.rel1.macos64_1.0.0.202411102158/tools/bin/../lib/gcc/arm-none-eabi/13.3.1/thumb/v7e-m+fp/hard/crtbegin.o
 *(.init)
 .init          0x08002b34        0x4 /Applications/STM32CubeIDE.app/Contents/Eclipse/plugins/com.st.stm32cube.ide.mcu.externaltools.gnu-tools-for-stm32.13.3.rel1.macos64_1.0.0.202411102158/tools/bin/../lib/gcc/arm-none-eabi/13.3.1/thumb/v7e-m+fp/hard/crti.o
                0x08002b34                _init
 .init          0x08002b38        0x8 /Applications/STM32CubeIDE.app/Contents/Eclipse/plugins/com.st.stm32cube.ide.mcu.externaltools.gnu-tools-for-stm32.13.3.rel1.macos64_1.0.0.202411102158/tools/bin/../lib/gcc/arm-none-eabi/13.3.1/thumb/v7e-m+fp/hard/crtn.o
 *(.fini)
 .fini          0x08002b40        0x4 /Applications/STM32CubeIDE.app/Contents/Eclipse/plugins/com.st.stm32cube.ide.mcu.externaltools.gnu-tools-for-stm32.13.3.rel1.macos64_1.0.0.202411102158/tools/bin/../lib/gcc/arm-none-eabi/13.3.1/thumb/v7e-m+fp/hard/crti.o
                0x08002b40                _fini
 .fini          0x08002b44        0x8 /Applications/STM32CubeIDE.app/Contents/Eclipse/plugins/com.st.stm32cube.ide.mcu.externaltools.gnu-tools-for-stm32.13.3.rel1.macos64_1.0.0.202411102158/tools/bin/../lib/gcc/arm-none-eabi/13.3.1/thumb/v7e-m+fp/hard/crtn.o
                0x08002b4c                        . = ALIGN (0x4)
                0x08002b4c                        _etext = .

.vfp11_veneer   0x08002b4c        0x0
 .vfp11_veneer  0x08002b4c        0x0 linker stubs

.v4_bx          0x08002b4c        0x0
 .v4_bx         0x08002b4c        0x0 linker stubs

.iplt           0x08002b4c        0x0
 .iplt          0x08002b4c        0x0 /Applications/STM32CubeIDE.app/Contents/Eclipse/plugins/com.st.stm32cube.ide.mcu.externaltools.gnu-tools-for-stm32.13.3.rel1.macos64_1.0.0.202411102158/tools/bin/../lib/gcc/arm-none-eabi/13.3.1/thumb/v7e-m+fp/hard/crtbegin.o

.rodata         0x08002b4c       0x2c
                0x08002b4c                        . = ALIGN (0x4)
 *(.rodata)
 .rodata        0x08002b4c       0x13 ./Core/Src/uart_command_library.o
 *(.rodata*)
 *fill*         0x08002b5f        0x1 
 .rodata.AHBPrescTable
                0x08002b60       0x10 ./Core/Src/system_stm32f4xx.o
                0x08002b60                AHBPrescTable
 .rodata.APBPrescTable
                0x08002b70        0x8 ./Core/Src/system_stm32f4xx.o
                0x08002b70                APBPrescTable
                0x08002b78                        . = ALIGN (0x4)

.ARM.extab      0x08002b78        0x0
                0x08002b78                        . = ALIGN (0x4)
 *(.ARM.extab* .gnu.linkonce.armextab.*)
                0x08002b78                        . = ALIGN (0x4)

.ARM            0x08002b78        0x8
                0x08002b78                        . = ALIGN (0x4)
                0x08002b78                        __exidx_start = .
 *(.ARM.exidx*)
 .ARM.exidx     0x08002b78        0x8 /Applications/STM32CubeIDE.app/Contents/Eclipse/plugins/com.st.stm32cube.ide.mcu.externaltools.gnu-tools-for-stm32.13.3.rel1.macos64_1.0.0.202411102158/tools/bin/../lib/gcc/arm-none-eabi/13.3.1/thumb/v7e-m+fp/hard/libgcc.a(_udivmoddi4.o)
                0x08002b80                        __exidx_end = .
                0x08002b80                        . = ALIGN (0x4)

.preinit_array  0x08002b80        0x0
                0x08002b80                        . = ALIGN (0x4)
                0x08002b80                        PROVIDE (__preinit_array_start = .)
 *(.preinit_array*)
                0x08002b80                        PROVIDE (__preinit_array_end = .)
                0x08002b80                        . = ALIGN (0x4)

.init_array     0x08002b80        0x4
                0x08002b80                        . = ALIGN (0x4)
                0x08002b80                        PROVIDE (__init_array_start = .)
 *(SORT_BY_NAME(.init_array.*))
 *(.init_array*)
 .init_array    0x08002b80        0x4 /Applications/STM32CubeIDE.app/Contents/Eclipse/plugins/com.st.stm32cube.ide.mcu.externaltools.gnu-tools-for-stm32.13.3.rel1.macos64_1.0.0.202411102158/tools/bin/../lib/gcc/arm-none-eabi/13.3.1/thumb/v7e-m+fp/hard/crtbegin.o
                0x08002b84                        PROVIDE (__init_array_end = .)
                0x08002b84                        . = ALIGN (0x4)

.fini_array     0x08002b84        0x4
                0x08002b84                        . = ALIGN (0x4)
                [!provide]                        PROVIDE (__fini_array_start = .)
 *(SORT_BY_NAME(.fini_array.*))
 *(.fini_array*)
 .fini_array    0x08002b84        0x4 /Applications/STM32CubeIDE.app/Contents/Eclipse/plugins/com.st.stm32cube.ide.mcu.externaltools.gnu-tools-for-stm32.13.3.rel1.macos64_1.0.0.202411102158/tools/bin/../lib/gcc/arm-none-eabi/13.3.1/thumb/v7e-m+fp/hard/crtbegin.o
                [!provide]                        PROVIDE (__fini_array_end = .)
                0x08002b88                        . = ALIGN (0x4)
                0x08002b88                        _sidata = LOADADDR (.data)

.rel.dyn        0x08002b88        0x0
 .rel.iplt      0x08002b88        0x0 /Applications/STM32CubeIDE.app/Contents/Eclipse/plugins/com.st.stm32cube.ide.mcu.externaltools.gnu-tools-for-stm32.13.3.rel1.macos64_1.0.0.202411102158/tools/bin/../lib/gcc/arm-none-eabi/13.3.1/thumb/v7e-m+fp/hard/crtbegin.o

.data           0x20000000        0xc load address 0x08002b88
                0x20000000                        . = ALIGN (0x4)
                0x20000000                        _sdata = .
 *(.data)
 *(.data*)
 .data.SystemCoreClock
                0x20000000        0x4 ./Core/Src/system_stm32f4xx.o
                0x20000000                SystemCoreClock
 .data.uwTickPrio
                0x20000004        0x4 ./Drivers/STM32F4xx_HAL_Driver/Src/stm32f4xx_hal.o
                0x20000004                uwTickPrio
 .data.uwTickFreq
                0x20000008        0x1 ./Drivers/STM32F4xx_HAL_Driver/Src/stm32f4xx_hal.o
                0x20000008                uwTickFreq
 *(.RamFunc)
 *(.RamFunc*)
                0x2000000c                        . = ALIGN (0x4)
 *fill*         0x20000009        0x3 
                0x2000000c                        _edata = .
                0x08002b94                        _siccmram = LOADADDR (.ccmram)

.igot.plt       0x2000000c        0x0 load address 0x08002b94
 .igot.plt      0x2000000c        0x0 /Applications/STM32CubeIDE.app/Contents/Eclipse/plugins/com.st.stm32cube.ide.mcu.externaltools.gnu-tools-for-stm32.13.3.rel1.macos64_1.0.0.202411102158/tools/bin/../lib/gcc/arm-none-eabi/13.3.1/thumb/v7e-m+fp/hard/crtbegin.o

.ccmram         0x10000000        0x0 load address 0x08002b94
                0x10000000                        . = ALIGN (0x4)
                0x10000000                        _sccmram = .
 *(.ccmram)
 *(.ccmram*)
                0x10000000                        . = ALIGN (0x4)
                0x10000000                        _eccmram = .
                0x10000000                        . = ALIGN (0x4)

.bss            0x2000000c       0xc0
                0x2000000c                        _sbss = .
                0x2000000c                        __bss_start__ = _sbss
 *(.bss)
 .bss           0x2000000c       0x1c /Applications/STM32CubeIDE.app/Contents/Eclipse/plugins/com.st.stm32cube.ide.mcu.externaltools.gnu-tools-for-stm32.13.3.rel1.macos64_1.0.0.202411102158/tools/bin/../lib/gcc/arm-none-eabi/13.3.1/thumb/v7e-m+fp/hard/crtbegin.o
 *(.bss*)
 .bss.huart1    0x20000028       0x48 ./Core/Src/main.o
                0x20000028                huart1
 .bss.huart2    0x20000070       0x48 ./Core/Src/main.o
                0x20000070                huart2
 .bss.uart1_rx_interrupt_buff
                0x200000b8        0x1 ./Core/Src/uart_command_library.o
                0x200000b8                uart1_rx_interrupt_buff
 *fill*         0x200000b9        0x3 
 .bss.received_data_buffer
                0x200000bc        0xa ./Core/Src/uart_command_library.o
                0x200000bc                received_data_buffer
 .bss.rec_data_buf_index
                0x200000c6        0x1 ./Core/Src/uart_command_library.o
                0x200000c6                rec_data_buf_index
 *fill*         0x200000c7        0x1 
 .bss.uwTick    0x200000c8        0x4 ./Drivers/STM32F4xx_HAL_Driver/Src/stm32f4xx_hal.o
                0x200000c8                uwTick
 *(COMMON)
                0x200000cc                        . = ALIGN (0x4)
                0x200000cc                        _ebss = .
                0x200000cc                        __bss_end__ = _ebss

._user_heap_stack
                0x200000cc      0x604
                0x200000d0                        . = ALIGN (0x8)
 *fill*         0x200000cc        0x4 
                [!provide]                        PROVIDE (end = .)
                0x200000d0                        PROVIDE (_end = .)
                0x200002d0                        . = (. + _Min_Heap_Size)
 *fill*         0x200000d0      0x200 
                0x200006d0                        . = (. + _Min_Stack_Size)
 *fill*         0x200002d0      0x400 
                0x200006d0                        . = ALIGN (0x8)

/DISCARD/
 libc.a(*)
 libm.a(*)
 libgcc.a(*)

.ARM.attributes
                0x00000000       0x30
 *(.ARM.attributes)
 .ARM.attributes
                0x00000000       0x22 /Applications/STM32CubeIDE.app/Contents/Eclipse/plugins/com.st.stm32cube.ide.mcu.externaltools.gnu-tools-for-stm32.13.3.rel1.macos64_1.0.0.202411102158/tools/bin/../lib/gcc/arm-none-eabi/13.3.1/thumb/v7e-m+fp/hard/crti.o
 .ARM.attributes
                0x00000022       0x34 /Applications/STM32CubeIDE.app/Contents/Eclipse/plugins/com.st.stm32cube.ide.mcu.externaltools.gnu-tools-for-stm32.13.3.rel1.macos64_1.0.0.202411102158/tools/bin/../lib/gcc/arm-none-eabi/13.3.1/thumb/v7e-m+fp/hard/crtbegin.o
 .ARM.attributes
                0x00000056       0x34 ./Core/Src/led_manager.o
 .ARM.attributes
                0x0000008a       0x34 ./Core/Src/main.o
 .ARM.attributes
                0x000000be       0x34 ./Core/Src/stm32f4xx_hal_msp.o
 .ARM.attributes
                0x000000f2       0x34 ./Core/Src/stm32f4xx_it.o
 .ARM.attributes
                0x00000126       0x34 ./Core/Src/system_stm32f4xx.o
 .ARM.attributes
                0x0000015a       0x34 ./Core/Src/uart_command_library.o
 .ARM.attributes
                0x0000018e       0x21 ./Core/Startup/startup_stm32f407vgtx.o
 .ARM.attributes
                0x000001af       0x34 ./Drivers/STM32F4xx_HAL_Driver/Src/stm32f4xx_hal.o
 .ARM.attributes
                0x000001e3       0x34 ./Drivers/STM32F4xx_HAL_Driver/Src/stm32f4xx_hal_cortex.o
 .ARM.attributes
                0x00000217       0x34 ./Drivers/STM32F4xx_HAL_Driver/Src/stm32f4xx_hal_dma.o
 .ARM.attributes
                0x0000024b       0x34 ./Drivers/STM32F4xx_HAL_Driver/Src/stm32f4xx_hal_gpio.o
 .ARM.attributes
                0x0000027f       0x34 ./Drivers/STM32F4xx_HAL_Driver/Src/stm32f4xx_hal_rcc.o
 .ARM.attributes
                0x000002b3       0x34 ./Drivers/STM32F4xx_HAL_Driver/Src/stm32f4xx_hal_uart.o
 .ARM.attributes
                0x000002e7       0x34 /Applications/STM32CubeIDE.app/Contents/Eclipse/plugins/com.st.stm32cube.ide.mcu.externaltools.gnu-tools-for-stm32.13.3.rel1.macos64_1.0.0.202411102158/tools/bin/../lib/gcc/arm-none-eabi/13.3.1/../../../../arm-none-eabi/lib/thumb/v7e-m+fp/hard/libc_nano.a(libc_a-memset.o)
 .ARM.attributes
                0x0000031b       0x34 /Applications/STM32CubeIDE.app/Contents/Eclipse/plugins/com.st.stm32cube.ide.mcu.externaltools.gnu-tools-for-stm32.13.3.rel1.macos64_1.0.0.202411102158/tools/bin/../lib/gcc/arm-none-eabi/13.3.1/../../../../arm-none-eabi/lib/thumb/v7e-m+fp/hard/libc_nano.a(libc_a-strstr.o)
 .ARM.attributes
                0x0000034f       0x34 /Applications/STM32CubeIDE.app/Contents/Eclipse/plugins/com.st.stm32cube.ide.mcu.externaltools.gnu-tools-for-stm32.13.3.rel1.macos64_1.0.0.202411102158/tools/bin/../lib/gcc/arm-none-eabi/13.3.1/../../../../arm-none-eabi/lib/thumb/v7e-m+fp/hard/libc_nano.a(libc_a-init.o)
 .ARM.attributes
                0x00000383       0x22 /Applications/STM32CubeIDE.app/Contents/Eclipse/plugins/com.st.stm32cube.ide.mcu.externaltools.gnu-tools-for-stm32.13.3.rel1.macos64_1.0.0.202411102158/tools/bin/../lib/gcc/arm-none-eabi/13.3.1/thumb/v7e-m+fp/hard/libgcc.a(_aeabi_uldivmod.o)
 .ARM.attributes
                0x000003a5       0x34 /Applications/STM32CubeIDE.app/Contents/Eclipse/plugins/com.st.stm32cube.ide.mcu.externaltools.gnu-tools-for-stm32.13.3.rel1.macos64_1.0.0.202411102158/tools/bin/../lib/gcc/arm-none-eabi/13.3.1/thumb/v7e-m+fp/hard/libgcc.a(_udivmoddi4.o)
 .ARM.attributes
                0x000003d9       0x22 /Applications/STM32CubeIDE.app/Contents/Eclipse/plugins/com.st.stm32cube.ide.mcu.externaltools.gnu-tools-for-stm32.13.3.rel1.macos64_1.0.0.202411102158/tools/bin/../lib/gcc/arm-none-eabi/13.3.1/thumb/v7e-m+fp/hard/libgcc.a(_dvmd_tls.o)
 .ARM.attributes
                0x000003fb       0x22 /Applications/STM32CubeIDE.app/Contents/Eclipse/plugins/com.st.stm32cube.ide.mcu.externaltools.gnu-tools-for-stm32.13.3.rel1.macos64_1.0.0.202411102158/tools/bin/../lib/gcc/arm-none-eabi/13.3.1/thumb/v7e-m+fp/hard/crtn.o
OUTPUT(push_botton.elf elf32-littlearm)
LOAD linker stubs
LOAD /Applications/STM32CubeIDE.app/Contents/Eclipse/plugins/com.st.stm32cube.ide.mcu.externaltools.gnu-tools-for-stm32.13.3.rel1.macos64_1.0.0.202411102158/tools/bin/../lib/gcc/arm-none-eabi/13.3.1/../../../../arm-none-eabi/lib/thumb/v7e-m+fp/hard/libc.a
LOAD /Applications/STM32CubeIDE.app/Contents/Eclipse/plugins/com.st.stm32cube.ide.mcu.externaltools.gnu-tools-for-stm32.13.3.rel1.macos64_1.0.0.202411102158/tools/bin/../lib/gcc/arm-none-eabi/13.3.1/../../../../arm-none-eabi/lib/thumb/v7e-m+fp/hard/libm.a
LOAD /Applications/STM32CubeIDE.app/Contents/Eclipse/plugins/com.st.stm32cube.ide.mcu.externaltools.gnu-tools-for-stm32.13.3.rel1.macos64_1.0.0.202411102158/tools/bin/../lib/gcc/arm-none-eabi/13.3.1/thumb/v7e-m+fp/hard/libgcc.a

.debug_info     0x00000000     0x8de5
 .debug_info    0x00000000       0x8a ./Core/Src/led_manager.o
 .debug_info    0x0000008a      0xfc9 ./Core/Src/main.o
 .debug_info    0x00001053      0xb90 ./Core/Src/stm32f4xx_hal_msp.o
 .debug_info    0x00001be3      0x651 ./Core/Src/stm32f4xx_it.o
 .debug_info    0x00002234      0x512 ./Core/Src/system_stm32f4xx.o
 .debug_info    0x00002746      0x7f7 ./Core/Src/uart_command_library.o
 .debug_info    0x00002f3d       0x30 ./Core/Startup/startup_stm32f407vgtx.o
 .debug_info    0x00002f6d      0x944 ./Drivers/STM32F4xx_HAL_Driver/Src/stm32f4xx_hal.o
 .debug_info    0x000038b1      0xd8c ./Drivers/STM32F4xx_HAL_Driver/Src/stm32f4xx_hal_cortex.o
 .debug_info    0x0000463d      0x8e7 ./Drivers/STM32F4xx_HAL_Driver/Src/stm32f4xx_hal_dma.o
 .debug_info    0x00004f24      0x6c3 ./Drivers/STM32F4xx_HAL_Driver/Src/stm32f4xx_hal_gpio.o
 .debug_info    0x000055e7      0x8af ./Drivers/STM32F4xx_HAL_Driver/Src/stm32f4xx_hal_rcc.o
 .debug_info    0x00005e96     0x2f4f ./Drivers/STM32F4xx_HAL_Driver/Src/stm32f4xx_hal_uart.o

.debug_abbrev   0x00000000     0x18b8
 .debug_abbrev  0x00000000       0x45 ./Core/Src/led_manager.o
 .debug_abbrev  0x00000045      0x2db ./Core/Src/main.o
 .debug_abbrev  0x00000320      0x1cc ./Core/Src/stm32f4xx_hal_msp.o
 .debug_abbrev  0x000004ec      0x177 ./Core/Src/stm32f4xx_it.o
 .debug_abbrev  0x00000663      0x11a ./Core/Src/system_stm32f4xx.o
 .debug_abbrev  0x0000077d      0x1e9 ./Core/Src/uart_command_library.o
 .debug_abbrev  0x00000966       0x24 ./Core/Startup/startup_stm32f407vgtx.o
 .debug_abbrev  0x0000098a      0x214 ./Drivers/STM32F4xx_HAL_Driver/Src/stm32f4xx_hal.o
 .debug_abbrev  0x00000b9e      0x31d ./Drivers/STM32F4xx_HAL_Driver/Src/stm32f4xx_hal_cortex.o
 .debug_abbrev  0x00000ebb      0x264 ./Drivers/STM32F4xx_HAL_Driver/Src/stm32f4xx_hal_dma.o
 .debug_abbrev  0x0000111f      0x1d4 ./Drivers/STM32F4xx_HAL_Driver/Src/stm32f4xx_hal_gpio.o
 .debug_abbrev  0x000012f3      0x2b7 ./Drivers/STM32F4xx_HAL_Driver/Src/stm32f4xx_hal_rcc.o
 .debug_abbrev  0x000015aa      0x30e ./Drivers/STM32F4xx_HAL_Driver/Src/stm32f4xx_hal_uart.o

.debug_aranges  0x00000000      0x730
 .debug_aranges
                0x00000000       0x20 ./Core/Src/led_manager.o
 .debug_aranges
                0x00000020       0x50 ./Core/Src/main.o
 .debug_aranges
                0x00000070       0x30 ./Core/Src/stm32f4xx_hal_msp.o
 .debug_aranges
                0x000000a0       0x70 ./Core/Src/stm32f4xx_it.o
 .debug_aranges
                0x00000110       0x28 ./Core/Src/system_stm32f4xx.o
 .debug_aranges
                0x00000138       0x38 ./Core/Src/uart_command_library.o
 .debug_aranges
                0x00000170       0x28 ./Core/Startup/startup_stm32f407vgtx.o
 .debug_aranges
                0x00000198       0xf0 ./Drivers/STM32F4xx_HAL_Driver/Src/stm32f4xx_hal.o
 .debug_aranges
                0x00000288      0x130 ./Drivers/STM32F4xx_HAL_Driver/Src/stm32f4xx_hal_cortex.o
 .debug_aranges
                0x000003b8       0x90 ./Drivers/STM32F4xx_HAL_Driver/Src/stm32f4xx_hal_dma.o
 .debug_aranges
                0x00000448       0x58 ./Drivers/STM32F4xx_HAL_Driver/Src/stm32f4xx_hal_gpio.o
 .debug_aranges
                0x000004a0       0x88 ./Drivers/STM32F4xx_HAL_Driver/Src/stm32f4xx_hal_rcc.o
 .debug_aranges
                0x00000528      0x208 ./Drivers/STM32F4xx_HAL_Driver/Src/stm32f4xx_hal_uart.o

.debug_rnglists
                0x00000000      0x574
 .debug_rnglists
                0x00000000       0x13 ./Core/Src/led_manager.o
 .debug_rnglists
                0x00000013       0x39 ./Core/Src/main.o
 .debug_rnglists
                0x0000004c       0x20 ./Core/Src/stm32f4xx_hal_msp.o
 .debug_rnglists
                0x0000006c       0x4f ./Core/Src/stm32f4xx_it.o
 .debug_rnglists
                0x000000bb       0x1a ./Core/Src/system_stm32f4xx.o
 .debug_rnglists
                0x000000d5       0x26 ./Core/Src/uart_command_library.o
 .debug_rnglists
                0x000000fb       0x19 ./Core/Startup/startup_stm32f407vgtx.o
 .debug_rnglists
                0x00000114       0xaf ./Drivers/STM32F4xx_HAL_Driver/Src/stm32f4xx_hal.o
 .debug_rnglists
                0x000001c3       0xe0 ./Drivers/STM32F4xx_HAL_Driver/Src/stm32f4xx_hal_cortex.o
 .debug_rnglists
                0x000002a3       0x70 ./Drivers/STM32F4xx_HAL_Driver/Src/stm32f4xx_hal_dma.o
 .debug_rnglists
                0x00000313       0x3f ./Drivers/STM32F4xx_HAL_Driver/Src/stm32f4xx_hal_gpio.o
 .debug_rnglists
                0x00000352       0x66 ./Drivers/STM32F4xx_HAL_Driver/Src/stm32f4xx_hal_rcc.o
 .debug_rnglists
                0x000003b8      0x1bc ./Drivers/STM32F4xx_HAL_Driver/Src/stm32f4xx_hal_uart.o

.debug_macro    0x00000000    0x1fa47
 .debug_macro   0x00000000      0x1fa ./Core/Src/led_manager.o
 .debug_macro   0x000001fa      0xad8 ./Core/Src/led_manager.o
 .debug_macro   0x00000cd2      0x295 ./Core/Src/led_manager.o
 .debug_macro   0x00000f67       0x2e ./Core/Src/led_manager.o
 .debug_macro   0x00000f95       0x2f ./Core/Src/led_manager.o
 .debug_macro   0x00000fc4       0x22 ./Core/Src/led_manager.o
 .debug_macro   0x00000fe6       0x8e ./Core/Src/led_manager.o
 .debug_macro   0x00001074       0x51 ./Core/Src/led_manager.o
 .debug_macro   0x000010c5      0x103 ./Core/Src/led_manager.o
 .debug_macro   0x000011c8       0x6a ./Core/Src/led_manager.o
 .debug_macro   0x00001232      0x1df ./Core/Src/led_manager.o
 .debug_macro   0x00001411       0x1c ./Core/Src/led_manager.o
 .debug_macro   0x0000142d       0x22 ./Core/Src/led_manager.o
 .debug_macro   0x0000144f       0xfb ./Core/Src/led_manager.o
 .debug_macro   0x0000154a     0x1011 ./Core/Src/led_manager.o
 .debug_macro   0x0000255b      0x11f ./Core/Src/led_manager.o
 .debug_macro   0x0000267a    0x15e97 ./Core/Src/led_manager.o
 .debug_macro   0x00018511       0x6d ./Core/Src/led_manager.o
 .debug_macro   0x0001857e     0x369a ./Core/Src/led_manager.o
 .debug_macro   0x0001bc18      0x190 ./Core/Src/led_manager.o
 .debug_macro   0x0001bda8       0x5c ./Core/Src/led_manager.o
 .debug_macro   0x0001be04      0x980 ./Core/Src/led_manager.o
 .debug_macro   0x0001c784      0x9e9 ./Core/Src/led_manager.o
 .debug_macro   0x0001d16d      0x115 ./Core/Src/led_manager.o
 .debug_macro   0x0001d282      0x13e ./Core/Src/led_manager.o
 .debug_macro   0x0001d3c0       0xa5 ./Core/Src/led_manager.o
 .debug_macro   0x0001d465      0x174 ./Core/Src/led_manager.o
 .debug_macro   0x0001d5d9      0x287 ./Core/Src/led_manager.o
 .debug_macro   0x0001d860       0x5f ./Core/Src/led_manager.o
 .debug_macro   0x0001d8bf      0x236 ./Core/Src/led_manager.o
 .debug_macro   0x0001daf5      0x12c ./Core/Src/led_manager.o
 .debug_macro   0x0001dc21      0x21e ./Core/Src/led_manager.o
 .debug_macro   0x0001de3f       0x2e ./Core/Src/led_manager.o
 .debug_macro   0x0001de6d      0x127 ./Core/Src/led_manager.o
 .debug_macro   0x0001df94       0x7e ./Core/Src/led_manager.o
 .debug_macro   0x0001e012       0x89 ./Core/Src/led_manager.o
 .debug_macro   0x0001e09b      0x2aa ./Core/Src/led_manager.o
 .debug_macro   0x0001e345      0x12d ./Core/Src/led_manager.o
 .debug_macro   0x0001e472       0x1c ./Core/Src/led_manager.o
 .debug_macro   0x0001e48e       0x16 ./Core/Src/led_manager.o
 .debug_macro   0x0001e4a4      0x203 ./Core/Src/main.o
 .debug_macro   0x0001e6a7       0x10 ./Core/Src/main.o
 .debug_macro   0x0001e6b7      0x1c9 ./Core/Src/stm32f4xx_hal_msp.o
 .debug_macro   0x0001e880      0x1d3 ./Core/Src/stm32f4xx_it.o
 .debug_macro   0x0001ea53      0x1ba ./Core/Src/system_stm32f4xx.o
 .debug_macro   0x0001ec0d      0x2c7 ./Core/Src/uart_command_library.o
 .debug_macro   0x0001eed4       0x10 ./Core/Src/uart_command_library.o
 .debug_macro   0x0001eee4       0x20 ./Core/Src/uart_command_library.o
 .debug_macro   0x0001ef04       0x56 ./Core/Src/uart_command_library.o
 .debug_macro   0x0001ef5a      0x21a ./Drivers/STM32F4xx_HAL_Driver/Src/stm32f4xx_hal.o
 .debug_macro   0x0001f174      0x1ba ./Drivers/STM32F4xx_HAL_Driver/Src/stm32f4xx_hal_cortex.o
 .debug_macro   0x0001f32e      0x1c0 ./Drivers/STM32F4xx_HAL_Driver/Src/stm32f4xx_hal_dma.o
 .debug_macro   0x0001f4ee      0x1c0 ./Drivers/STM32F4xx_HAL_Driver/Src/stm32f4xx_hal_gpio.o
 .debug_macro   0x0001f6ae      0x1de ./Drivers/STM32F4xx_HAL_Driver/Src/stm32f4xx_hal_rcc.o
 .debug_macro   0x0001f88c      0x1bb ./Drivers/STM32F4xx_HAL_Driver/Src/stm32f4xx_hal_uart.o

.debug_line     0x00000000     0x919f
 .debug_line    0x00000000      0x70f ./Core/Src/led_manager.o
 .debug_line    0x0000070f      0x88d ./Core/Src/main.o
 .debug_line    0x00000f9c      0x72f ./Core/Src/stm32f4xx_hal_msp.o
 .debug_line    0x000016cb      0x789 ./Core/Src/stm32f4xx_it.o
 .debug_line    0x00001e54      0x72f ./Core/Src/system_stm32f4xx.o
 .debug_line    0x00002583      0x94a ./Core/Src/uart_command_library.o
 .debug_line    0x00002ecd       0x7a ./Core/Startup/startup_stm32f407vgtx.o
 .debug_line    0x00002f47      0x99c ./Drivers/STM32F4xx_HAL_Driver/Src/stm32f4xx_hal.o
 .debug_line    0x000038e3      0xc6c ./Drivers/STM32F4xx_HAL_Driver/Src/stm32f4xx_hal_cortex.o
 .debug_line    0x0000454f      0xf08 ./Drivers/STM32F4xx_HAL_Driver/Src/stm32f4xx_hal_dma.o
 .debug_line    0x00005457      0xaf4 ./Drivers/STM32F4xx_HAL_Driver/Src/stm32f4xx_hal_gpio.o
 .debug_line    0x00005f4b      0xda9 ./Drivers/STM32F4xx_HAL_Driver/Src/stm32f4xx_hal_rcc.o
 .debug_line    0x00006cf4     0x24ab ./Drivers/STM32F4xx_HAL_Driver/Src/stm32f4xx_hal_uart.o

.debug_str      0x00000000    0xc24a9
 .debug_str     0x00000000    0xc24a9 ./Core/Src/led_manager.o
                              0xbce73 (size before relaxing)
 .debug_str     0x000c24a9    0xbdc64 ./Core/Src/main.o
 .debug_str     0x000c24a9    0xbd8c5 ./Core/Src/stm32f4xx_hal_msp.o
 .debug_str     0x000c24a9    0xbd2c1 ./Core/Src/stm32f4xx_it.o
 .debug_str     0x000c24a9    0xbceb5 ./Core/Src/system_stm32f4xx.o
 .debug_str     0x000c24a9    0xc06bb ./Core/Src/uart_command_library.o
 .debug_str     0x000c24a9       0x75 ./Core/Startup/startup_stm32f407vgtx.o
 .debug_str     0x000c24a9    0xbda39 ./Drivers/STM32F4xx_HAL_Driver/Src/stm32f4xx_hal.o
 .debug_str     0x000c24a9    0xbd7b5 ./Drivers/STM32F4xx_HAL_Driver/Src/stm32f4xx_hal_cortex.o
 .debug_str     0x000c24a9    0xbd2cf ./Drivers/STM32F4xx_HAL_Driver/Src/stm32f4xx_hal_dma.o
 .debug_str     0x000c24a9    0xbd030 ./Drivers/STM32F4xx_HAL_Driver/Src/stm32f4xx_hal_gpio.o
 .debug_str     0x000c24a9    0xbd2e9 ./Drivers/STM32F4xx_HAL_Driver/Src/stm32f4xx_hal_rcc.o
 .debug_str     0x000c24a9    0xbd8ca ./Drivers/STM32F4xx_HAL_Driver/Src/stm32f4xx_hal_uart.o

.comment        0x00000000       0x43
 .comment       0x00000000       0x43 ./Core/Src/led_manager.o
                                 0x44 (size before relaxing)
 .comment       0x00000043       0x44 ./Core/Src/main.o
 .comment       0x00000043       0x44 ./Core/Src/stm32f4xx_hal_msp.o
 .comment       0x00000043       0x44 ./Core/Src/stm32f4xx_it.o
 .comment       0x00000043       0x44 ./Core/Src/system_stm32f4xx.o
 .comment       0x00000043       0x44 ./Core/Src/uart_command_library.o
 .comment       0x00000043       0x44 ./Drivers/STM32F4xx_HAL_Driver/Src/stm32f4xx_hal.o
 .comment       0x00000043       0x44 ./Drivers/STM32F4xx_HAL_Driver/Src/stm32f4xx_hal_cortex.o
 .comment       0x00000043       0x44 ./Drivers/STM32F4xx_HAL_Driver/Src/stm32f4xx_hal_dma.o
 .comment       0x00000043       0x44 ./Drivers/STM32F4xx_HAL_Driver/Src/stm32f4xx_hal_gpio.o
 .comment       0x00000043       0x44 ./Drivers/STM32F4xx_HAL_Driver/Src/stm32f4xx_hal_rcc.o
 .comment       0x00000043       0x44 ./Drivers/STM32F4xx_HAL_Driver/Src/stm32f4xx_hal_uart.o

.debug_frame    0x00000000     0x1c08
 .debug_frame   0x00000000       0x30 ./Core/Src/led_manager.o
 .debug_frame   0x00000030       0xec ./Core/Src/main.o
 .debug_frame   0x0000011c       0x80 ./Core/Src/stm32f4xx_hal_msp.o
 .debug_frame   0x0000019c      0x13c ./Core/Src/stm32f4xx_it.o
 .debug_frame   0x000002d8       0x58 ./Core/Src/system_stm32f4xx.o
 .debug_frame   0x00000330       0xa0 ./Core/Src/uart_command_library.o
 .debug_frame   0x000003d0      0x374 ./Drivers/STM32F4xx_HAL_Driver/Src/stm32f4xx_hal.o
 .debug_frame   0x00000744      0x508 ./Drivers/STM32F4xx_HAL_Driver/Src/stm32f4xx_hal_cortex.o
 .debug_frame   0x00000c4c      0x250 ./Drivers/STM32F4xx_HAL_Driver/Src/stm32f4xx_hal_dma.o
 .debug_frame   0x00000e9c      0x14c ./Drivers/STM32F4xx_HAL_Driver/Src/stm32f4xx_hal_gpio.o
 .debug_frame   0x00000fe8      0x1f4 ./Drivers/STM32F4xx_HAL_Driver/Src/stm32f4xx_hal_rcc.o
 .debug_frame   0x000011dc      0x954 ./Drivers/STM32F4xx_HAL_Driver/Src/stm32f4xx_hal_uart.o
 .debug_frame   0x00001b30       0x20 /Applications/STM32CubeIDE.app/Contents/Eclipse/plugins/com.st.stm32cube.ide.mcu.externaltools.gnu-tools-for-stm32.13.3.rel1.macos64_1.0.0.202411102158/tools/bin/../lib/gcc/arm-none-eabi/13.3.1/../../../../arm-none-eabi/lib/thumb/v7e-m+fp/hard/libc_nano.a(libc_a-memset.o)
 .debug_frame   0x00001b50       0x2c /Applications/STM32CubeIDE.app/Contents/Eclipse/plugins/com.st.stm32cube.ide.mcu.externaltools.gnu-tools-for-stm32.13.3.rel1.macos64_1.0.0.202411102158/tools/bin/../lib/gcc/arm-none-eabi/13.3.1/../../../../arm-none-eabi/lib/thumb/v7e-m+fp/hard/libc_nano.a(libc_a-strstr.o)
 .debug_frame   0x00001b7c       0x2c /Applications/STM32CubeIDE.app/Contents/Eclipse/plugins/com.st.stm32cube.ide.mcu.externaltools.gnu-tools-for-stm32.13.3.rel1.macos64_1.0.0.202411102158/tools/bin/../lib/gcc/arm-none-eabi/13.3.1/../../../../arm-none-eabi/lib/thumb/v7e-m+fp/hard/libc_nano.a(libc_a-init.o)
 .debug_frame   0x00001ba8       0x2c /Applications/STM32CubeIDE.app/Contents/Eclipse/plugins/com.st.stm32cube.ide.mcu.externaltools.gnu-tools-for-stm32.13.3.rel1.macos64_1.0.0.202411102158/tools/bin/../lib/gcc/arm-none-eabi/13.3.1/thumb/v7e-m+fp/hard/libgcc.a(_aeabi_uldivmod.o)
 .debug_frame   0x00001bd4       0x34 /Applications/STM32CubeIDE.app/Contents/Eclipse/plugins/com.st.stm32cube.ide.mcu.externaltools.gnu-tools-for-stm32.13.3.rel1.macos64_1.0.0.202411102158/tools/bin/../lib/gcc/arm-none-eabi/13.3.1/thumb/v7e-m+fp/hard/libgcc.a(_udivmoddi4.o)

.debug_line_str
                0x00000000       0x59
 .debug_line_str
                0x00000000       0x59 ./Core/Startup/startup_stm32f407vgtx.o
